Audio duration: 60.00 seconds
Connected to localhost:5000
Sent chunk 1: 64000 bytes (2.00 seconds) at 1780382099.171978
Received 9 bytes of response data

Response for chunk 1:
  Processing time: 0.401235 seconds
  Content: No input
  Received at: 1780382099.573212
  Sent at: 1780382099.171978
Sent chunk 2: 64000 bytes (2.00 seconds) at 1780382101.177233
Received 9 bytes of response data

Response for chunk 2:
  Processing time: 0.501208 seconds
  Content: No input
  Received at: 1780382101.678442
  Sent at: 1780382101.177233
Sent chunk 3: 64000 bytes (2.00 seconds) at 1780382103.182322
Received 49 bytes of response data

Response for chunk 3:
  Processing time: 0.401118 seconds
  Content: 1640 3780  If I could draw your attention to the
  Received at: 1780382103.583440
  Sent at: 1780382103.182322
Sent chunk 4: 64000 bytes (2.00 seconds) at 1780382105.187303
Received 36 bytes of response data

Response for chunk 4:
  Processing time: 0.601597 seconds
  Content: 3800 5180  Safe Harbor Statement on
  Received at: 1780382105.788900
  Sent at: 1780382105.187303
Sent chunk 5: 64000 bytes (2.00 seconds) at 1780382107.192353
Received 52 bytes of response data

Response for chunk 5:
  Processing time: 0.501403 seconds
  Content: 5180 7880  Slide 2 of the presentation, I'd like to
  Received at: 1780382107.693757
  Sent at: 1780382107.192353
Sent chunk 6: 64000 bytes (2.00 seconds) at 1780382109.197948
Received 49 bytes of response data

Response for chunk 6:
  Processing time: 1.002447 seconds
  Content: 7880 9620  remind participants on this morning's
  Received at: 1780382110.200394
  Sent at: 1780382109.197948
Sent chunk 7: 64000 bytes (2.00 seconds) at 1780382111.203306
Received 53 bytes of response data

Response for chunk 7:
  Processing time: 0.501364 seconds
  Content: 9620 11840  call that our presentation includes some
  Received at: 1780382111.704669
  Sent at: 1780382111.203306
Sent chunk 8: 64000 bytes (2.00 seconds) at 1780382113.208983
Received 55 bytes of response data

Response for chunk 8:
  Processing time: 0.401147 seconds
  Content: 11840 14080  forward-looking statements about Monroe's
  Received at: 1780382113.610130
  Sent at: 1780382113.208983
Sent chunk 9: 64000 bytes (2.00 seconds) at 1780382115.214618
Received 33 bytes of response data

Response for chunk 9:
  Processing time: 0.701820 seconds
  Content: 14080 15040  future performance.
  Received at: 1780382115.916438
  Sent at: 1780382115.214618
Sent chunk 10: 64000 bytes (2.00 seconds) at 1780382117.220182
Received 9 bytes of response data

Response for chunk 10:
  Processing time: 0.801623 seconds
  Content: No input
  Received at: 1780382118.021805
  Sent at: 1780382117.220182
Sent chunk 11: 64000 bytes (2.00 seconds) at 1780382119.225155
Received 9 bytes of response data

Response for chunk 11:
  Processing time: 0.701627 seconds
  Content: No input
  Received at: 1780382119.926781
  Sent at: 1780382119.225155
Sent chunk 12: 64000 bytes (2.00 seconds) at 1780382121.230148
Received 9 bytes of response data

Response for chunk 12:
  Processing time: 1.303131 seconds
  Content: No input
  Received at: 1780382122.533278
  Sent at: 1780382121.230148
Sent chunk 13: 64000 bytes (2.00 seconds) at 1780382123.235655
Received 174 bytes of response data

Response for chunk 13:
  Processing time: 0.401110 seconds
  Content: 15040 24420  presentation. Actual results may differ materially from those suggested by our comments today. The most significant factors that could affect future results are
  Received at: 1780382123.636765
  Sent at: 1780382123.235655
Sent chunk 14: 64000 bytes (2.00 seconds) at 1780382125.241058
Received 34 bytes of response data

Response for chunk 14:
  Processing time: 0.401107 seconds
  Content: 24420 25580  outlined in Monroe's
  Received at: 1780382125.642165
  Sent at: 1780382125.241058
Sent chunk 15: 64000 bytes (2.00 seconds) at 1780382127.246235
Received 41 bytes of response data

Response for chunk 15:
  Processing time: 0.401173 seconds
  Content: 25580 27900  filings with the SEC and in
  Received at: 1780382127.647408
  Sent at: 1780382127.246235
Sent chunk 16: 64000 bytes (2.00 seconds) at 1780382129.251471
Received 35 bytes of response data

Response for chunk 16:
  Processing time: 0.401140 seconds
  Content: 27900 28820  our earnings release.
  Received at: 1780382129.652611
  Sent at: 1780382129.251471
Sent chunk 17: 64000 bytes (2.00 seconds) at 1780382131.256712
Received 52 bytes of response data

Response for chunk 17:
  Processing time: 0.401166 seconds
  Content: 29280 31960  The company disclaims any intention or
  Received at: 1780382131.657878
  Sent at: 1780382131.256712
Sent chunk 18: 64000 bytes (2.00 seconds) at 1780382133.261930
Received 44 bytes of response data

Response for chunk 18:
  Processing time: 0.401204 seconds
  Content: 31960 34060  obligation to update or revise
  Received at: 1780382133.663134
  Sent at: 1780382133.261930
Sent chunk 19: 64000 bytes (2.00 seconds) at 1780382135.267162
Received 33 bytes of response data

Response for chunk 19:
  Processing time: 0.501381 seconds
  Content: 34060 35180  any forward-looking
  Received at: 1780382135.768543
  Sent at: 1780382135.267162
Sent chunk 20: 64000 bytes (2.00 seconds) at 1780382137.272373
Received 52 bytes of response data

Response for chunk 20:
  Processing time: 0.501420 seconds
  Content: 35180 37700  statements, whether as a result of new
  Received at: 1780382137.773793
  Sent at: 1780382137.272373
Sent chunk 21: 64000 bytes (2.00 seconds) at 1780382139.278024
Received 41 bytes of response data

Response for chunk 21:
  Processing time: 0.401253 seconds
  Content: 37700 39660  information, future events,
  Received at: 1780382139.679277
  Sent at: 1780382139.278024
Sent chunk 22: 64000 bytes (2.00 seconds) at 1780382141.283165
Received 37 bytes of response data

Response for chunk 22:
  Processing time: 0.300992 seconds
  Content: 39660 42020  or otherwise, except as
  Received at: 1780382141.584157
  Sent at: 1780382141.283165
Sent chunk 23: 64000 bytes (2.00 seconds) at 1780382143.288384
Received 30 bytes of response data

Response for chunk 23:
  Processing time: 0.401159 seconds
  Content: 42020 42980  required by law.
  Received at: 1780382143.689543
  Sent at: 1780382143.288384
Sent chunk 24: 64000 bytes (2.00 seconds) at 1780382145.293631
Received 44 bytes of response data

Response for chunk 24:
  Processing time: 0.401076 seconds
  Content: 43620 45660  Additionally, on today's call,
  Received at: 1780382145.694707
  Sent at: 1780382145.293631
Sent chunk 25: 64000 bytes (2.00 seconds) at 1780382147.298991
Received 56 bytes of response data

Response for chunk 25:
  Processing time: 0.501366 seconds
  Content: 46040 48080  management statements include a discussion
  Received at: 1780382147.800357
  Sent at: 1780382147.298991
Sent chunk 26: 64000 bytes (2.00 seconds) at 1780382149.304425
Received 43 bytes of response data

Response for chunk 26:
  Processing time: 0.401160 seconds
  Content: 48080 49820  of certain non-GAAP financial
  Received at: 1780382149.705585
  Sent at: 1780382149.304425
Sent chunk 27: 64000 bytes (2.00 seconds) at 1780382151.309731
Received 45 bytes of response data

Response for chunk 27:
  Processing time: 0.501387 seconds
  Content: 49820 51740  measures, which are intended to
  Received at: 1780382151.811118
  Sent at: 1780382151.309731
Sent chunk 28: 64000 bytes (2.00 seconds) at 1780382153.314954
Received 47 bytes of response data

Response for chunk 28:
  Processing time: 0.401224 seconds
  Content: 51740 53840  supplement and not be substitutes
  Received at: 1780382153.716178
  Sent at: 1780382153.314954
Sent chunk 29: 64000 bytes (2.00 seconds) at 1780382155.320433
Received 43 bytes of response data

Response for chunk 29:
  Processing time: 0.601604 seconds
  Content: 53840 55940  for comparable GAAP measures.
  Received at: 1780382155.922037
  Sent at: 1780382155.320433
Sent chunk 30: 64000 bytes (2.00 seconds) at 1780382157.325943
Finished sending 30 chunks (1920000 bytes)
Waiting up to 500000000 seconds for responses to 1 remaining chunks...
Received 29 bytes of response data

Response for chunk 30:
  Processing time: 0.318264 seconds
  Content: 57320 57840  Reconciliations
  Received at: 1780382157.644207
  Sent at: 1780382157.325943
Connection closed
